// Jest Snapshot v1, https://goo.gl/fbAQLP

exports[`component matches snapshot 1`] = `
<h3
  className="center"
>
  404 Not Found
</h3>
`;
